Microchip MPLAB XC8 Compiler V2.41

Linker command line:

-W-3 \
  --edf=C:/Program Files/Microchip/MPLABX/v6.15/packs/Microchip/PIC18Fxxxx_DFP/1.4.151/xc8\pic\dat\20230323171731_en.msgs \
  -cn -h+dist/default/debug\Project_One.debug.sym \
  --cmf=dist/default/debug\Project_One.debug.cmf -z -Q18F4620 \
  -oC:\Users\DELL\AppData\Local\Temp\xcAsdc0.\driver_tmp_3.o \
  --defsym=__MPLAB_BUILD=1 --fixupoverflow=error \
  -Mdist/default/debug/Project_One.debug.map \
  --md=C:\Users\DELL\AppData\Local\Temp\xcAsdc0.\driver_tmp_0.dat -E1 \
  -ver=XC8 Compiler --acfsm=1493 -ACODE=00h-0FFFFh -ACONST=00h-0FFFFh \
  -ASMALLCONST=01000h-010FFhx240 -AMEDIUMCONST=01000h-0FFFFh \
  -ACOMRAM=01h-07Fh -AABS1=00h-0F7Fh -ABIGRAM=01h-0F7Fh \
  -ARAM=080h-0FFh,0100h-01FFhx14,0F00h-0F7Fh -ABANK0=080h-0FFh \
  -ABANK1=0100h-01FFh -ABANK2=0200h-02FFh -ABANK3=0300h-03FFh \
  -ABANK4=0400h-04FFh -ABANK5=0500h-05FFh -ABANK6=0600h-06FFh \
  -ABANK7=0700h-07FFh -ABANK8=0800h-08FFh -ABANK9=0900h-09FFh \
  -ABANK10=0A00h-0AFFh -ABANK11=0B00h-0BFFh -ABANK12=0C00h-0CFFh \
  -ABANK13=0D00h-0DFFh -ABANK14=0E00h-0EFFh -ABANK15=0F00h-0F7Fh \
  -ASFR=0F80h-0FFFh -ABIGSFR=0F80h-0FFFh -ACONFIG=0300000h-030000Dh \
  -AIDLOC=0200000h-0200007h -AEEDATA=0F00000h-0F003FFh -peeprom_data=EEDATA \
  -preset_vec=00h,intcode=08h,intcodelo,powerup,init -pramtop=01000h \
  -psmallconst=SMALLCONST -pmediumconst=MEDIUMCONST -pconst=CONST \
  -AFARRAM=00h-00h \
  -prdata=COMRAM,nvrram=COMRAM,nvbit=COMRAM,rbss=COMRAM,rbit=COMRAM \
  -pfarbss=FARRAM,fardata=FARRAM,nvFARRAM=FARRAM \
  -pintsave_regs=BIGRAM,bigbss=BIGRAM,bigdata=BIGRAM -pbss=RAM \
  -pidata=CODE,irdata=CODE,ibigdata=CODE,ifardata=CODE -prparam=COMRAM \
  C:\Users\DELL\AppData\Local\Temp\xcAsdc0.\driver_tmp_9.o \
  dist/default/debug\Project_One.debug.o 

Object code version is 3.11

Machine type is 18F4620



                Name                               Link     Load   Length Selector   Space Scale
C:\Users\DELL\AppData\Local\Temp\xcAsdc0.\driver_tmp_9.o
                config                           300000   300000        E        0       4
                init                                  E        E        4        4       0
                reset_vec                             0        0        4        0       0
dist/default/debug\Project_One.debug.o
                intcode                               8        8        6        4       0
                config                           300000   300000        E        0       4
                temp                                 69       69        1        1       1
                smallconst                         1000     1000        8      800       0
                text33                             2250     2250        4      804       0
                text32                             224C     224C        4      804       0
                text31                             2248     2248        4      804       0
                text30                             1920     1920      132      804       0
                text29                             1E5A     1E5A       76      804       0
                text28                             1DE4     1DE4       76      804       0
                text27                             2234     2234        E      804       0
                text26                             2172     2172       30      804       0
                text25                             2226     2226        E      804       0
                text24                             2218     2218        E      804       0
                text23                             220A     220A        E      804       0
                text22                             2142     2142       30      804       0
                text21                             21FC     21FC        E      804       0
                text20                             21EE     21EE        E      804       0
                text19                             1D66     1D66       7E      804       0
                text18                             1CE8     1CE8       7E      804       0
                text17                             1C6A     1C6A       7E      804       0
                text16                             1BEC     1BEC       7E      804       0
                intcode_body                       1008     1008      2B6      804       0
                text14                             1556     1556      14A      804       0
                text13                             17E2     17E2      13E      804       0
                text12                             16A0     16A0      142      804       0
                text11                             1F44     1F44       72      804       0
                text10                             2104     2104       3E      804       0
                text9                              1FB6     1FB6       6A      804       0
                text8                              1B6E     1B6E       7E      804       0
                text7                              140A     140A      14C      804       0
                text6                              20C6     20C6       3E      804       0
                text5                              1A52     1A52       9A      804       0
                text4                              12BE     12BE      14C      804       0
                text3                              21D0     21D0       1E      804       0
                text2                              2242     2242        6      804       0
                text1                              1AEC     1AEC       82      804       0
                text0                              1ED0     1ED0       74      804       0
                cstackCOMRAM                         4C       4C       1D        1       1
                cstackBANK0                          D0       D0       16       80       1
                dataBANK0                            80       80       50       80       1
                dataCOMRAM                            1        1       2E        1       1
                bssCOMRAM                            2F       2F       1D        1       1
                cinit                              2020     2020       56      804       0
                idataBANK0                         2076     2076       50      804       0
                idataCOMRAM                        21A2     21A2       2E      804       0

TOTAL           Name                               Link     Load   Length     Space
        CLASS   CODE           
                intcode                               8        8        6         0
                init                                  E        E        4         0
                reset_vec                             0        0        4         0
                text33                             2250     2250        4         0
                text32                             224C     224C        4         0
                text31                             2248     2248        4         0
                text30                             1920     1920      132         0
                text29                             1E5A     1E5A       76         0
                text28                             1DE4     1DE4       76         0
                text27                             2234     2234        E         0
                text26                             2172     2172       30         0
                text25                             2226     2226        E         0
                text24                             2218     2218        E         0
                text23                             220A     220A        E         0
                text22                             2142     2142       30         0
                text21                             21FC     21FC        E         0
                text20                             21EE     21EE        E         0
                text19                             1D66     1D66       7E         0
                text18                             1CE8     1CE8       7E         0
                text17                             1C6A     1C6A       7E         0
                text16                             1BEC     1BEC       7E         0
                intcode_body                       1008     1008      2B6         0
                text14                             1556     1556      14A         0
                text13                             17E2     17E2      13E         0
                text12                             16A0     16A0      142         0
                text11                             1F44     1F44       72         0
                text10                             2104     2104       3E         0
                text9                              1FB6     1FB6       6A         0
                text8                              1B6E     1B6E       7E         0
                text7                              140A     140A      14C         0
                text6                              20C6     20C6       3E         0
                text5                              1A52     1A52       9A         0
                text4                              12BE     12BE      14C         0
                text3                              21D0     21D0       1E         0
                text2                              2242     2242        6         0
                text1                              1AEC     1AEC       82         0
                text0                              1ED0     1ED0       74         0
                cinit                              2020     2020       56         0
                idataBANK0                         2076     2076       50         0
                idataCOMRAM                        21A2     21A2       2E         0

        CLASS   CONST          

        CLASS   SMALLCONST     
                smallconst                         1000     1000        8         0

        CLASS   MEDIUMCONST    

        CLASS   COMRAM         
                temp                                 69       69        1         1
                cstackCOMRAM                         4C       4C       1D         1
                dataCOMRAM                            1        1       2E         1
                bssCOMRAM                            2F       2F       1D         1

        CLASS   ABS1           

        CLASS   BIGRAM         

        CLASS   RAM            

        CLASS   BANK0          
                cstackBANK0                          D0       D0       16         1
                dataBANK0                            80       80       50         1

        CLASS   BANK1          

        CLASS   BANK2          

        CLASS   BANK3          

        CLASS   BANK4          

        CLASS   BANK5          

        CLASS   BANK6          

        CLASS   BANK7          

        CLASS   BANK8          

        CLASS   BANK9          

        CLASS   BANK10         

        CLASS   BANK11         

        CLASS   BANK12         

        CLASS   BANK13         

        CLASS   BANK14         

        CLASS   BANK15         

        CLASS   SFR            

        CLASS   BIGSFR         

        CLASS   CONFIG         
                config                           300000   300000        E         4

        CLASS   IDLOC          

        CLASS   EEDATA         

        CLASS   FARRAM         

        CLASS   HEAP           

        CLASS   STACK          



SEGMENTS        Name                           Load    Length   Top    Selector   Space  Class

                reset_vec                      000000  000004  000004         0       0  CODE    
                dataCOMRAM                     000001  000069  00006A         1       1  COMRAM  
                intcode                        000008  00000A  000012         4       0  CODE    
                dataBANK0                      000080  000066  0000E6        80       1  BANK0   
                smallconst                     001000  000008  001008       800       0  SMALLCON
                intcode_body                   001008  00124C  002254       804       0  CODE    


UNUSED ADDRESS RANGES

        Name                Unused          Largest block    Delta
        BANK0            0000E6-0000FF               1A
        BANK1            000100-0001FF              100
        BANK10           000A00-000AFF              100
        BANK11           000B00-000BFF              100
        BANK12           000C00-000CFF              100
        BANK13           000D00-000DFF              100
        BANK14           000E00-000EFF              100
        BANK15           000F00-000F7F               80
        BANK2            000200-0002FF              100
        BANK3            000300-0003FF              100
        BANK4            000400-0004FF              100
        BANK5            000500-0005FF              100
        BANK6            000600-0006FF              100
        BANK7            000700-0007FF              100
        BANK8            000800-0008FF              100
        BANK9            000900-0009FF              100
        BIGRAM           00006A-00007F               16
                         0000E6-000F7F              E9A
        BIGSFR           000F80-000FFF               80
        CODE             000004-000007                4
                         000012-000FFF              FEE
                         002254-00FFFF             DDAC
        COMRAM           00006A-00007F               16
        CONST            000004-000007                4
                         000012-000FFF              FEE
                         002254-00FFFF             DDAC
        EEDATA           F00000-F003FF              400
        IDLOC            200000-200007                8
        MEDIUMCONST      002254-00FFFF             DDAC
        RAM              0000E6-000F7F              100
        SFR              000F80-000FFF               80
        SMALLCONST       002254-00FFFF              100

                                  Symbol Table

Interrupt_RBx_Initialization@int_obj     cstackCOMRAM 000065
Interrupt_RBx_Initialization@ret         cstackBANK0  0000D6
RB4_ISR@source                           cstackCOMRAM 00005B
RB5_ISR@source                           cstackCOMRAM 00005B
RB6_ISR@source                           cstackCOMRAM 00005B
RB7_ISR@source                           cstackCOMRAM 00005B
Relay_Initialize@F3042                   bssCOMRAM    000047
Relay_Turn_OFF@F3052                     bssCOMRAM    000045
Relay_Turn_ON@F3047                      bssCOMRAM    000046
_ECU_Layer_initialize                    text3        0021D0
_INT0_ISR                                text33       002250
_INT0_Interrupt_Handular                 bssCOMRAM    000043
_INT1_ISR                                text32       00224C
_INT1_Interrupt_Handular                 bssCOMRAM    000041
_INT2_ISR                                text31       002248
_INT2_Interrupt_Handular                 bssCOMRAM    00003F
_INTCON2bits                             (abs)        000FF1
_INTCON3bits                             (abs)        000FF0
_INTCONbits                              (abs)        000FF2
_Interrupt_Manager                       intcode      000008
_Interrupt_RBx_Initialization            text13       0017E2
_LATA                                    (abs)        000F89
_LATB                                    (abs)        000F8A
_LATC                                    (abs)        000F8B
_LATD                                    (abs)        000F8C
_LATE                                    (abs)        000F8D
_PORTA                                   (abs)        000F80
_PORTB                                   (abs)        000F81
_PORTBbits                               (abs)        000F81
_PORTC                                   (abs)        000F82
_PORTD                                   (abs)        000F83
_PORTE                                   (abs)        000F84
_RB0_INT_ISR_HIGH                        text26       002172
_RB0_INT_ISR_LOW                         text22       002142
_RB1_INT_ISR_HIGH                        text25       002226
_RB1_INT_ISR_LOW                         text21       0021FC
_RB2_INT_ISR_HIGH                        text24       002218
_RB2_INT_ISR_LOW                         text20       0021EE
_RB3_INT_ISR_HIGH                        text27       002234
_RB3_INT_ISR_LOW                         text23       00220A
_RB4_Flag                                dataCOMRAM   000018
_RB4_ISR                                 text19       001D66
_RB4_Interrupt_Handular_HIGH             bssCOMRAM    00003D
_RB4_Interrupt_Handular_LOW              bssCOMRAM    00003B
_RB5_Flag                                dataCOMRAM   000017
_RB5_ISR                                 text18       001CE8
_RB5_Interrupt_Handular_HIGH             bssCOMRAM    000039
_RB5_Interrupt_Handular_LOW              bssCOMRAM    000037
_RB6_Flag                                dataCOMRAM   000016
_RB6_ISR                                 text17       001C6A
_RB6_Interrupt_Handular_HIGH             bssCOMRAM    000035
_RB6_Interrupt_Handular_LOW              bssCOMRAM    000033
_RB7_Flag                                dataCOMRAM   000015
_RB7_ISR                                 text16       001BEC
_RB7_Interrupt_Handular_HIGH             bssCOMRAM    000031
_RB7_Interrupt_Handular_LOW              bssCOMRAM    00002F
_RB_Int0_obj                             dataCOMRAM   000025
_RB_Int1_obj                             dataCOMRAM   00001F
_RB_Int2_obj                             dataCOMRAM   000019
_RB_Int3_obj                             dataBANK0    0000C4
_TRISA                                   (abs)        000F92
_TRISB                                   (abs)        000F93
_TRISC                                   (abs)        000F94
_TRISD                                   (abs)        000F95
_TRISE                                   (abs)        000F96
__HRAM                                   (abs)        000000
__H__absolute__                          __absolute__ 000000
__Habs1                                  abs1         000000
__Hbank0                                 bank0        000000
__Hbank1                                 bank1        000000
__Hbank10                                bank10       000000
__Hbank11                                bank11       000000
__Hbank12                                bank12       000000
__Hbank13                                bank13       000000
__Hbank14                                bank14       000000
__Hbank15                                bank15       000000
__Hbank2                                 bank2        000000
__Hbank3                                 bank3        000000
__Hbank4                                 bank4        000000
__Hbank5                                 bank5        000000
__Hbank6                                 bank6        000000
__Hbank7                                 bank7        000000
__Hbank8                                 bank8        000000
__Hbank9                                 bank9        000000
__Hbigbss                                bigbss       000000
__Hbigdata                               bigdata      000000
__Hbigram                                bigram       000000
__Hbigsfr                                bigsfr       000000
__Hbss                                   bss          000000
__HbssCOMRAM                             bssCOMRAM    000000
__Hcinit                                 cinit        000000
__Hclrtext                               clrtext      000000
__Hcomram                                comram       000000
__Hconfig                                config       30000E
__Hconst                                 const        000000
__HcstackBANK0                           cstackBANK0  000000
__HcstackCOMRAM                          cstackCOMRAM 000000
__Hdata                                  data         000000
__HdataBANK0                             dataBANK0    000000
__HdataCOMRAM                            dataCOMRAM   000000
__Heeprom_data                           eeprom_data  000000
__Hfarbss                                farbss       000000
__Hfardata                               fardata      000000
__Hheap                                  heap         000000
__Hibigdata                              ibigdata     000000
__Hidata                                 idata        000000
__HidataBANK0                            idataBANK0   000000
__HidataCOMRAM                           idataCOMRAM  000000
__Hidloc                                 idloc        000000
__Hifardata                              ifardata     000000
__Hinit                                  init         000012
__Hintcode                               intcode      00000E
__Hintcode_body                          intcode_body 000000
__Hintcodelo                             intcodelo    00000E
__Hintentry                              intentry     000000
__Hintret                                intret       000000
__Hintsave_regs                          intsave_regs 000000
__Hirdata                                irdata       000000
__Hmediumconst                           mediumconst  000000
__HnvFARRAM                              nvFARRAM     000000
__Hnvbit                                 nvbit        000000
__Hnvrram                                nvrram       000000
__Hparam                                 rparam       000000
__Hpowerup                               powerup      00000E
__Hram                                   ram          000000
__Hramtop                                ramtop       001000
__Hrbit                                  rbit         000000
__Hrbss                                  rbss         000000
__Hrdata                                 rdata        000000
__Hreset_vec                             reset_vec    000004
__Hrparam                                rparam       000000
__Hsfr                                   sfr          000000
__Hsmallconst                            smallconst   001008
__Hspace_0                               (abs)        002254
__Hspace_1                               (abs)        0000E6
__Hspace_2                               (abs)        000000
__Hspace_4                               (abs)        60000E
__Hstack                                 stack        000000
__Hstruct                                struct       000000
__Htemp                                  temp         00006A
__Htext                                  text         000000
__Htext0                                 text0        000000
__Htext1                                 text1        000000
__Htext10                                text10       000000
__Htext11                                text11       000000
__Htext12                                text12       000000
__Htext13                                text13       000000
__Htext14                                text14       000000
__Htext16                                text16       000000
__Htext17                                text17       000000
__Htext18                                text18       000000
__Htext19                                text19       000000
__Htext2                                 text2        000000
__Htext20                                text20       000000
__Htext21                                text21       000000
__Htext22                                text22       000000
__Htext23                                text23       000000
__Htext24                                text24       000000
__Htext25                                text25       000000
__Htext26                                text26       000000
__Htext27                                text27       000000
__Htext28                                text28       000000
__Htext29                                text29       000000
__Htext3                                 text3        000000
__Htext30                                text30       000000
__Htext31                                text31       000000
__Htext32                                text32       000000
__Htext33                                text33       000000
__Htext34                                text34       000000
__Htext4                                 text4        000000
__Htext5                                 text5        000000
__Htext6                                 text6        000000
__Htext7                                 text7        000000
__Htext8                                 text8        000000
__Htext9                                 text9        000000
__LRAM                                   (abs)        000001
__L__absolute__                          __absolute__ 000000
__Labs1                                  abs1         000000
__Lbank0                                 bank0        000000
__Lbank1                                 bank1        000000
__Lbank10                                bank10       000000
__Lbank11                                bank11       000000
__Lbank12                                bank12       000000
__Lbank13                                bank13       000000
__Lbank14                                bank14       000000
__Lbank15                                bank15       000000
__Lbank2                                 bank2        000000
__Lbank3                                 bank3        000000
__Lbank4                                 bank4        000000
__Lbank5                                 bank5        000000
__Lbank6                                 bank6        000000
__Lbank7                                 bank7        000000
__Lbank8                                 bank8        000000
__Lbank9                                 bank9        000000
__Lbigbss                                bigbss       000000
__Lbigdata                               bigdata      000000
__Lbigram                                bigram       000000
__Lbigsfr                                bigsfr       000000
__Lbss                                   bss          000000
__LbssCOMRAM                             bssCOMRAM    000000
__Lcinit                                 cinit        000000
__Lclrtext                               clrtext      000000
__Lcomram                                comram       000000
__Lconfig                                config       000000
__Lconst                                 const        000000
__LcstackBANK0                           cstackBANK0  000000
__LcstackCOMRAM                          cstackCOMRAM 000000
__Ldata                                  data         000000
__LdataBANK0                             dataBANK0    000000
__LdataCOMRAM                            dataCOMRAM   000000
__Leeprom_data                           eeprom_data  000000
__Lfarbss                                farbss       000000
__Lfardata                               fardata      000000
__Lheap                                  heap         000000
__Libigdata                              ibigdata     000000
__Lidata                                 idata        000000
__LidataBANK0                            idataBANK0   000000
__LidataCOMRAM                           idataCOMRAM  000000
__Lidloc                                 idloc        000000
__Lifardata                              ifardata     000000
__Linit                                  init         00000E
__Lintcode                               intcode      000008
__Lintcode_body                          intcode_body 000000
__Lintcodelo                             intcodelo    00000E
__Lintentry                              intentry     000000
__Lintret                                intret       000000
__Lintsave_regs                          intsave_regs 000000
__Lirdata                                irdata       000000
__Lmediumconst                           mediumconst  000000
__LnvFARRAM                              nvFARRAM     000000
__Lnvbit                                 nvbit        000000
__Lnvrram                                nvrram       000000
__Lparam                                 rparam       000000
__Lpowerup                               powerup      00000E
__Lram                                   ram          000000
__Lramtop                                ramtop       001000
__Lrbit                                  rbit         000000
__Lrbss                                  rbss         000000
__Lrdata                                 rdata        000000
__Lreset_vec                             reset_vec    000000
__Lrparam                                rparam       000000
__Lsfr                                   sfr          000000
__Lsmallconst                            smallconst   001000
__Lspace_0                               (abs)        000000
__Lspace_1                               (abs)        000000
__Lspace_2                               (abs)        000000
__Lspace_4                               (abs)        000000
__Lstack                                 stack        000000
__Lstruct                                struct       000000
__Ltemp                                  temp         000069
__Ltext                                  text         000000
__Ltext0                                 text0        000000
__Ltext1                                 text1        000000
__Ltext10                                text10       000000
__Ltext11                                text11       000000
__Ltext12                                text12       000000
__Ltext13                                text13       000000
__Ltext14                                text14       000000
__Ltext16                                text16       000000
__Ltext17                                text17       000000
__Ltext18                                text18       000000
__Ltext19                                text19       000000
__Ltext2                                 text2        000000
__Ltext20                                text20       000000
__Ltext21                                text21       000000
__Ltext22                                text22       000000
__Ltext23                                text23       000000
__Ltext24                                text24       000000
__Ltext25                                text25       000000
__Ltext26                                text26       000000
__Ltext27                                text27       000000
__Ltext28                                text28       000000
__Ltext29                                text29       000000
__Ltext3                                 text3        000000
__Ltext30                                text30       000000
__Ltext31                                text31       000000
__Ltext32                                text32       000000
__Ltext33                                text33       000000
__Ltext34                                text34       000000
__Ltext4                                 text4        000000
__Ltext5                                 text5        000000
__Ltext6                                 text6        000000
__Ltext7                                 text7        000000
__Ltext8                                 text8        000000
__Ltext9                                 text9        000000
__S0                                     (abs)        002254
__S1                                     (abs)        0000E6
__S4                                     (abs)        000000
__S5                                     (abs)        000000
___heap_hi                               (abs)        000000
___heap_lo                               (abs)        000000
___inthi_sp                              stack        000000
___intlo_sp                              stack        000000
___param_bank                            (abs)        000000
___rparam_used                           (abs)        000001
___sp                                    stack        000000
__accesstop                              (abs)        000080
__activetblptr                           (abs)        000003
__end_of_ECU_Layer_initialize            text3        0021EE
__end_of_INT0_ISR                        text33       002254
__end_of_INT1_ISR                        text32       002250
__end_of_INT2_ISR                        text31       00224C
__end_of_Interrupt_Manager               intcode_body 0012BE
__end_of_Interrupt_RBx_Initialization    text13       001920
__end_of_RB0_INT_ISR_HIGH                text26       0021A2
__end_of_RB0_INT_ISR_LOW                 text22       002172
__end_of_RB1_INT_ISR_HIGH                text25       002234
__end_of_RB1_INT_ISR_LOW                 text21       00220A
__end_of_RB2_INT_ISR_HIGH                text24       002226
__end_of_RB2_INT_ISR_LOW                 text20       0021FC
__end_of_RB3_INT_ISR_HIGH                text27       002242
__end_of_RB3_INT_ISR_LOW                 text23       002218
__end_of_RB4_ISR                         text19       001DE4
__end_of_RB5_ISR                         text18       001D66
__end_of_RB6_ISR                         text17       001CE8
__end_of_RB7_ISR                         text16       001C6A
__end_of__initialization                 cinit        00206C
__end_of_application_initialize          text2        002248
__end_of_gpio_pin_direction_intialize    text14       0016A0
__end_of_gpio_pin_intialize              text11       001FB6
__end_of_gpio_pin_write_logic            text12       0017E2
__end_of_lcd_4_bit_initialize            text7        001556
__end_of_lcd_4_bit_send_command          text8        001BEC
__end_of_lcd_4bit_send_enable_signal     text10       002142
__end_of_lcd_8_bit_initialize            text4        00140A
__end_of_lcd_8_bit_send_command          text5        001AEC
__end_of_lcd_8bit_send_enable_signal     text6        002104
__end_of_led_initialize                  text1        001B6E
__end_of_led_turn_off                    text29       001ED0
__end_of_led_turn_on                     text28       001E5A
__end_of_main                            text0        001F44
__end_of_send_4bit_data                  text9        002020
__end_ofi2_gpio_pin_write_logic          text30       001A52
__initialization                         cinit        002020
__mediumconst                            mediumconst  000000
__pbssCOMRAM                             bssCOMRAM    00002F
__pcinit                                 cinit        002020
__pcstackBANK0                           cstackBANK0  0000D0
__pcstackCOMRAM                          cstackCOMRAM 00004C
__pdataBANK0                             dataBANK0    000080
__pdataCOMRAM                            dataCOMRAM   000001
__pidataBANK0                            idataBANK0   002076
__pidataCOMRAM                           idataCOMRAM  0021A2
__pintcode                               intcode      000008
__pintcode_body                          intcode_body 001008
__psmallconst                            smallconst   001000
__ptext0                                 text0        001ED0
__ptext1                                 text1        001AEC
__ptext10                                text10       002104
__ptext11                                text11       001F44
__ptext12                                text12       0016A0
__ptext13                                text13       0017E2
__ptext14                                text14       001556
__ptext16                                text16       001BEC
__ptext17                                text17       001C6A
__ptext18                                text18       001CE8
__ptext19                                text19       001D66
__ptext2                                 text2        002242
__ptext20                                text20       0021EE
__ptext21                                text21       0021FC
__ptext22                                text22       002142
__ptext23                                text23       00220A
__ptext24                                text24       002218
__ptext25                                text25       002226
__ptext26                                text26       002172
__ptext27                                text27       002234
__ptext28                                text28       001DE4
__ptext29                                text29       001E5A
__ptext3                                 text3        0021D0
__ptext30                                text30       001920
__ptext31                                text31       002248
__ptext32                                text32       00224C
__ptext33                                text33       002250
__ptext34                                text34       000000
__ptext4                                 text4        0012BE
__ptext5                                 text5        001A52
__ptext6                                 text6        0020C6
__ptext7                                 text7        00140A
__ptext8                                 text8        001B6E
__ptext9                                 text9        001FB6
__ramtop                                 ramtop       001000
__smallconst                             smallconst   001000
_application_initialize                  text2        002242
_gpio_pin_direction_intialize            text14       001556
_gpio_pin_intialize                      text11       001F44
_gpio_pin_write_logic                    text12       0016A0
_keypad_btn_values                       dataBANK0    000080
_lat_registers                           dataCOMRAM   000001
_lcd_1                                   dataBANK0    0000CA
_lcd_2                                   dataBANK0    0000BA
_lcd_4_bit_initialize                    text7        00140A
_lcd_4_bit_send_command                  text8        001B6E
_lcd_4bit_send_enable_signal             text10       002104
_lcd_8_bit_initialize                    text4        0012BE
_lcd_8_bit_send_command                  text5        001A52
_lcd_8bit_send_enable_signal             text6        0020C6
_led1                                    dataCOMRAM   00002E
_led2                                    dataCOMRAM   00002D
_led3                                    dataCOMRAM   00002C
_led4                                    dataCOMRAM   00002B
_led_initialize                          text1        001AEC
_led_turn_off                            text29       001E5A
_led_turn_on                             text28       001DE4
_main                                    text0        001ED0
_port_registers                          dataBANK0    0000B0
_send_4bit_data                          text9        001FB6
_tris_registers                          dataCOMRAM   00000B
btemp                                    temp         000069
end_of_initialization                    cinit        00206C
gpio_pin_direction_intialize@pin_config  cstackCOMRAM 000062
gpio_pin_direction_intialize@ret         cstackCOMRAM 000064
gpio_pin_intialize@pin_config            cstackCOMRAM 000066
gpio_pin_intialize@ret                   cstackBANK0  0000D6
gpio_pin_write_logic@logic               cstackCOMRAM 000064
gpio_pin_write_logic@pin_config          cstackCOMRAM 000062
gpio_pin_write_logic@ret                 cstackCOMRAM 000065
i2_gpio_pin_write_logic                  text30       001920
i2gpio_pin_write_logic@logic             cstackCOMRAM 00004E
i2gpio_pin_write_logic@pin_config        cstackCOMRAM 00004C
int$flags                                temp         000069
int_func                                 intcode_body 001008
intlevel0                                text         000000
intlevel1                                text         000000
intlevel2                                text         000000
intlevel3                                text         000000
isa$std                                  (abs)        000001
isa$xinst                                (abs)        000000
lcd_4_bit_initialize@l_data_counter      cstackBANK0  0000DF
lcd_4_bit_initialize@lcd                 cstackBANK0  0000DB
lcd_4_bit_initialize@ret                 cstackBANK0  0000E0
lcd_4_bit_send_command@command           cstackBANK0  0000D9
lcd_4_bit_send_command@lcd               cstackBANK0  0000D7
lcd_4_bit_send_command@ret               cstackBANK0  0000DA
lcd_4bit_send_enable_signal@lcd          cstackCOMRAM 000066
lcd_4bit_send_enable_signal@ret          cstackBANK0  0000D6
lcd_8_bit_initialize@l_data_counter      cstackBANK0  0000E4
lcd_8_bit_initialize@lcd                 cstackBANK0  0000E0
lcd_8_bit_initialize@ret                 cstackBANK0  0000E5
lcd_8_bit_send_command@command           cstackBANK0  0000D9
lcd_8_bit_send_command@l_command_counter cstackBANK0  0000DF
lcd_8_bit_send_command@lcd               cstackBANK0  0000D7
lcd_8_bit_send_command@ret               cstackBANK0  0000DE
lcd_8bit_send_enable_signal@lcd          cstackCOMRAM 000066
lcd_8bit_send_enable_signal@ret          cstackBANK0  0000D6
led_initialize@F3048                     bssCOMRAM    00004B
led_initialize@led                       cstackBANK0  0000D7
led_initialize@pin_obj                   cstackBANK0  0000DB
led_initialize@ret                       cstackBANK0  0000DA
led_toggle@F3063                         bssCOMRAM    000048
led_turn_off@F3058                       bssCOMRAM    000049
led_turn_off@led                         cstackCOMRAM 000055
led_turn_off@pin_obj                     cstackCOMRAM 000058
led_turn_on@F3053                        bssCOMRAM    00004A
led_turn_on@led                          cstackCOMRAM 000055
led_turn_on@pin_obj                      cstackCOMRAM 000058
send_4bit_data@command                   cstackCOMRAM 000068
send_4bit_data@lcd                       cstackCOMRAM 000066
send_4bit_data@ret                       cstackBANK0  0000D6
stackhi                                  (abs)        000000
stacklo                                  (abs)        000000
start                                    init         00000E
start_initialization                     cinit        002020
ttemp5                                   temp         00006A
ttemp6                                   temp         00006D
ttemp7                                   temp         000071
wtemp8                                   temp         00006A


MODULE INFORMATION

Module		Function		Class		Link	Load	Size
MCAL_Layer/interrupt/mcal_external_interrupt.c
		_RB4_ISR       		CODE           	1D66	0000	126
		_RB5_ISR       		CODE           	1CE8	0000	126
		_RB6_ISR       		CODE           	1C6A	0000	126
		_RB7_ISR       		CODE           	1BEC	0000	126
		_Interrupt_RBx_Initialization		CODE           	17E2	0000	318
		_INT0_ISR      		CODE           	2250	0000	4
		_INT1_ISR      		CODE           	224C	0000	4
		_INT2_ISR      		CODE           	2248	0000	4

MCAL_Layer/interrupt/mcal_external_interrupt.c estimated size: 834

ECU_Layer/LCD/ecu_LCD.c
		_lcd_8_bit_initialize		CODE           	12BE	0000	332
		_lcd_8bit_send_enable_signal		CODE           	20C6	0000	62
		_lcd_4_bit_initialize		CODE           	140A	0000	332
		_lcd_4bit_send_enable_signal		CODE           	2104	0000	62
		_lcd_8_bit_send_command		CODE           	1A52	0000	154
		_send_4bit_data		CODE           	1FB6	0000	106
		_lcd_4_bit_send_command		CODE           	1B6E	0000	126

ECU_Layer/LCD/ecu_LCD.c estimated size: 1174

shared
		__initialization		CODE           	2020	0000	76
		i2_gpio_pin_write_logic		CODE           	1920	0000	306

shared estimated size: 382

ECU_Layer/ecu_init.c
		_ECU_Layer_initialize		CODE           	21D0	0000	30

ECU_Layer/ecu_init.c estimated size: 30

MCAL_Layer/GPIO/hal_gpio.c
		_gpio_pin_write_logic		CODE           	16A0	0000	322
		_gpio_pin_intialize		CODE           	1F44	0000	114
		_gpio_pin_direction_intialize		CODE           	1556	0000	330

MCAL_Layer/GPIO/hal_gpio.c estimated size: 766

ECU_Layer/LED/ecu_led.c
		_led_initialize		CODE           	1AEC	0000	130
		_led_turn_on   		CODE           	1DE4	0000	118
		_led_turn_off  		CODE           	1E5A	0000	118

ECU_Layer/LED/ecu_led.c estimated size: 366

application.c
		_RB0_INT_ISR_LOW		CODE           	2142	0000	48
		_RB1_INT_ISR_LOW		CODE           	21FC	0000	14
		_application_initialize		CODE           	2242	0000	6
		_main          		CODE           	1ED0	0000	116
		_RB2_INT_ISR_LOW		CODE           	21EE	0000	14
		_RB3_INT_ISR_LOW		CODE           	220A	0000	14
		_RB0_INT_ISR_HIGH		CODE           	2172	0000	48
		_RB1_INT_ISR_HIGH		CODE           	2226	0000	14
		_RB2_INT_ISR_HIGH		CODE           	2218	0000	14
		_RB3_INT_ISR_HIGH		CODE           	2234	0000	14

application.c estimated size: 302

MCAL_Layer/interrupt/mcal_interrupt_manager.c
		_Interrupt_Manager		CODE           	0008	0000	700

MCAL_Layer/interrupt/mcal_interrupt_manager.c estimated size: 700

